[onlyfn.club/index.html]
[cdn.discordapp.com/attachments/787086734441316402/808742662118309928/onlyfn.png]
[backblue.gif]
[fade.gif]
[index.html]
[onlyfn.club/site.html]
[onlyfn.club/assets/css/bootstrap.min.css]
[onlyfn.club/assets/css/owl.carousel.min.css]
[onlyfn.club/assets/css/flaticon.css]
[onlyfn.club/assets/css/slicknav.css]
[onlyfn.club/assets/css/animate.min.css]
[onlyfn.club/assets/css/magnific-popup.css]
[onlyfn.club/assets/css/fontawesome-all.min.css]
[onlyfn.club/assets/css/themify-icons.css]
[onlyfn.club/assets/css/slick.css]
[onlyfn.club/assets/css/nice-select.css]
[onlyfn.club/assets/css/style.css]
[www.smartsuppchat.com/loaderd41d.js]
[onlyfn.club/index-2.html]
[onlyfn.club/feedbacks.html]
[onlyfn.club/assets/img/hero/hero_right.png]
[onlyfn.club/faq.html]
[cdn.discordapp.com/attachments/787086734441316402/808718081420558406/unknown.png]
[cdn.discordapp.com/attachments/787086734441316402/808719078419988480/unknown.png]
[cdn.discordapp.com/attachments/787086734441316402/808719486177116160/unknown.png]
[cdn.discordapp.com/attachments/787086734441316402/808720166900727828/unknown.png]
[cdn.discordapp.com/attachments/787086734441316402/808719725722206228/unknown.png]
[cdn.discordapp.com/attachments/787086734441316402/808719916873809930/unknown.png]
[cdn.discordapp.com/attachments/787086734441316402/808720867177398322/unknown.png]
[cdn.discordapp.com/attachments/787086734441316402/808721042465488946/unknown.png]
[cdn.discordapp.com/attachments/787086734441316402/808720461541670932/unknown.png]
[cdn.discordapp.com/attachments/787086734441316402/808721505936211978/unknown.png]
[cdn.discordapp.com/attachments/787086734441316402/808720674460794910/unknown.png]
[cdn.discordapp.com/attachments/787086734441316402/808721247198117958/unknown.png]
[cdn.discordapp.com/attachments/787086734441316402/808722398684774410/unknown.png]
[cdn.discordapp.com/attachments/787086734441316402/808722916840701952/unknown.png]
[cdn.discordapp.com/attachments/787086734441316402/808723196655697940/unknown.png]
[dragonfn.xyz/assets/img/service/we-create.21.delayed]
[onlyfn.club/assets/img/team/have.html]
[onlyfn.club/assets/img/shape/footer_bg.png]
[onlyfn.club/terms.html]
[onlyfn.club/cdn-cgi/scripts/5c5dd728/cloudflare-static/email-decode.min.js]
[onlyfn.club/assets/js/vendor/modernizr-3.5.0.min.js]
[onlyfn.club/assets/js/vendor/jquery-1.12.4.min.js]
[onlyfn.club/assets/js/popper.min.js]
[onlyfn.club/assets/js/bootstrap.min.js]
[onlyfn.club/assets/js/jquery.slicknav.min.js]
[onlyfn.club/assets/js/owl.carousel.min.js]
[onlyfn.club/assets/js/slick.min.js]
[onlyfn.club/assets/js/gijgo.min.js]
[onlyfn.club/assets/js/wow.min.js]
[onlyfn.club/assets/js/animated.headline.js]
[onlyfn.club/assets/js/jquery.magnific-popup.js]
[onlyfn.club/assets/js/jquery.scrollUp.min.js]
[onlyfn.club/assets/js/jquery.nice-select.min.js]
[onlyfn.club/assets/js/jquery.sticky.js]
[onlyfn.club/assets/js/contact.js]
[onlyfn.club/assets/js/jquery.form.js]
[onlyfn.club/assets/js/jquery.validate.min.js]
[onlyfn.club/assets/js/mail-script.js]
[onlyfn.club/assets/js/jquery.ajaxchimp.min.js]
[onlyfn.club/assets/js/plugins.js]
[onlyfn.club/assets/js/main.js]
[onlyfn.club/index.html]
[onlyfn.club/site.html]
[onlyfn.club/assets/css/bootstrap.min.css]
[onlyfn.club/assets/js/smooth-scroll.js]
[onlyfn.club/assets/css/owl.carousel.min.css]
[onlyfn.club/assets/css/owl.video.play.html]
[onlyfn.club/assets/fonts/Flaticon.eot]
[onlyfn.club/assets/fonts/Flaticond41dd41dd41dd41dd41dd41d.eot]
[onlyfn.club/assets/fonts/Flaticon.html]
[onlyfn.club/assets/fonts/Flaticon.woff]
[onlyfn.club/assets/fonts/Flaticon.ttf]
[onlyfn.club/assets/fonts/Flaticon.svg]
[onlyfn.club/assets/css/flaticon.css]
[onlyfn.club/assets/css/slicknav.css]
[onlyfn.club/assets/css/animate.min.css]
[onlyfn.club/assets/css/magnific-popup.css]
[onlyfn.club/assets/css/fontawesome-all.min.html]
[onlyfn.club/assets/fonts/themify9f249f249f249f249f249f24.eot]
[onlyfn.club/assets/fonts/themifyd41dd41dd41dd41dd41dd41d.eot]
[onlyfn.club/assets/fonts/themify9f249f249f249f249f249f24.woff]
[onlyfn.club/assets/fonts/themify9f249f249f249f249f249f24.ttf]
[onlyfn.club/assets/css/themify-icons.css]
[onlyfn.club/assets/css/slick.css]
[onlyfn.club/assets/css/nice-select.css]
[onlyfn.club/assets/fonts/themify9f249f249f249f249f249f24.svg]
[onlyfn.club/assets/img/slider/slider-img-1.html]
[onlyfn.club/assets/img/background-img/bg-img-2.html]
[onlyfn.club/assets/img/background-img/bg-img-3.html]
[onlyfn.club/assets/img/shape/plus1.png]
[onlyfn.club/assets/img/shape/plus2.png]
[onlyfn.club/assets/img/shape/what_do.png]
[onlyfn.club/assets/img/shape/what_do_right.png]
[onlyfn.club/assets/img/shape/we-create_bg.png]
[onlyfn.club/assets/img/shape/we_create_right.png]
[onlyfn.club/assets/img/shape/choose_your.png]
[onlyfn.club/assets/img/shape/plus3.png]
[onlyfn.club/assets/img/shape/tips.png]
[onlyfn.club/assets/img/banner/bradcam.html]
[onlyfn.club/assets/img/banner/bradcam2.html]
[onlyfn.club/assets/img/banner/bradcam3.html]
[onlyfn.club/assets/img/elements/primary-check.html]
[onlyfn.club/assets/img/elements/success-check.html]
[onlyfn.club/assets/img/elements/disabled-check.html]
[onlyfn.club/assets/img/elements/primary-radio.html]
[onlyfn.club/assets/img/elements/success-radio.html]
[onlyfn.club/assets/css/style.css]
[onlyfn.club/index-2.html]
[onlyfn.club/assets/img/elements/disabled-radio.html]
[onlyfn.club/gwiazdki/5.svg]
[onlyfn.club/gwiazdki/4.svg]
[onlyfn.club/gwiazdki/3.svg]
[onlyfn.club/feedbacks.html]
[onlyfn.club/faq.html]
[dragonfn.xyz/assets/img/service/we-create.html]
[onlyfn.club/assets/img/team/have.html]
[onlyfn.club/index-3.html]
[onlyfn.club/terms.html]
[onlyfn.club/assets/js/gijgo.min.html]
[onlyfn.club/assets/js/jquery.scrollUp.min.html]
[onlyfn.club/assets/css/owl.video.play.html]
[onlyfn.club/assets/fonts/Flaticon.html]
[onlyfn.club/assets/fonts/Flaticon.svg]
[onlyfn.club/assets/fonts/themify9f249f249f249f249f249f24.svg]
[onlyfn.club/assets/img/slider/slider-img-1.html]
[onlyfn.club/assets/img/background-img/bg-img-2.html]
[onlyfn.club/assets/img/background-img/bg-img-3.html]
[onlyfn.club/assets/img/banner/bradcam.html]
[onlyfn.club/assets/img/banner/bradcam2.html]
[onlyfn.club/assets/img/banner/bradcam3.html]
[onlyfn.club/assets/img/elements/primary-check.html]
[onlyfn.club/assets/img/elements/success-check.html]
[onlyfn.club/assets/img/elements/disabled-check.html]
[onlyfn.club/assets/img/elements/primary-radio.html]
[onlyfn.club/assets/img/elements/success-radio.html]
[onlyfn.club/assets/img/elements/disabled-radio.html]
[onlyfn.club/gwiazdki/5.svg]
[onlyfn.club/gwiazdki/4.svg]
[onlyfn.club/gwiazdki/3.svg]
[onlyfn.club/index-3.html]
